../Core/Src/main.c:149:13:spiTask	1
../Core/Src/main.c:155:13:i2cTask	1
../Core/Src/main.c:160:13:adcTask	1
../Core/Src/main.c:165:5:main	9
../Core/Src/main.c:289:6:SystemClock_Config	3
../Core/Src/main.c:335:13:MX_ADC1_Init	3
../Core/Src/main.c:387:13:MX_I2C1_Init	2
../Core/Src/main.c:421:13:MX_I2C3_Init	2
../Core/Src/main.c:455:13:MX_SPI1_Init	2
../Core/Src/main.c:493:13:MX_USART2_UART_Init	2
../Core/Src/main.c:526:13:MX_GPIO_Init	1
../Core/Src/main.c:658:6:StartDefaultTask	1
../Core/Src/main.c:677:6:HAL_TIM_PeriodElapsedCallback	2
../Core/Src/main.c:694:6:Error_Handler	1
