../Core/Src/main.c:142:5:main	16	static
../Core/Src/main.c:262:6:SystemClock_Config	88	static
../Core/Src/main.c:308:13:MX_ADC1_Init	24	static
../Core/Src/main.c:360:13:MX_I2C1_Init	8	static
../Core/Src/main.c:394:13:MX_I2C3_Init	8	static
../Core/Src/main.c:428:13:MX_SPI1_Init	8	static
../Core/Src/main.c:466:13:MX_USART2_UART_Init	8	static
../Core/Src/main.c:499:13:MX_GPIO_Init	56	static
../Core/Src/main.c:631:6:StartDefaultTask	16	static
../Core/Src/main.c:650:6:HAL_TIM_PeriodElapsedCallback	16	static
../Core/Src/main.c:667:6:Error_Handler	4	static,ignoring_inline_asm
