../Core/Src/main.c:147:5:main	1
../Core/Src/main.c:240:6:SystemClock_Config	3
../Core/Src/main.c:286:13:MX_ADC1_Init	3
../Core/Src/main.c:338:13:MX_I2C1_Init	2
../Core/Src/main.c:372:13:MX_I2C3_Init	2
../Core/Src/main.c:406:13:MX_SPI1_Init	2
../Core/Src/main.c:444:13:MX_TIM1_Init	4
../Core/Src/main.c:493:13:MX_USART2_UART_Init	2
../Core/Src/main.c:526:13:MX_GPIO_Init	1
../Core/Src/main.c:658:6:StartDefaultTask	1
../Core/Src/main.c:677:6:HAL_TIM_PeriodElapsedCallback	3
../Core/Src/main.c:698:6:Error_Handler	1
